// Jest Snapshot v1, https://goo.gl/fbAQLP

exports[`<DropDown /> DropDown should match snapshot 1`] = `
<styled.div>
  <select
    onChange={[Function]}
  />
</styled.div>
`;
