// Jest Snapshot v1, https://goo.gl/fbAQLP

exports[`<TextField /> TextField should match snapshot 1`] = `<styled.input />`;
