// Jest Snapshot v1, https://goo.gl/fbAQLP

exports[`<Results /> Search should match snapshot 1`] = `
<div
  className="tile"
>
  <div
    className="img-container"
  >
    <img
      alt=""
      src="&size=120"
    />
  </div>
  <div
    className="description"
  >
    <h3>
      <a
        href=""
      />
    </h3>
    <span />
  </div>
</div>
`;
