// Jest Snapshot v1, https://goo.gl/fbAQLP

exports[`<Home /> Home should match snapshot 1`] = `
<Fragment>
  <div>
    <header>
      <Hero />
      <Search />
    </header>
    <Results />
    <div>
      <styled.img
        alt="loader"
        src="loading.gif"
      />
    </div>
  </div>
</Fragment>
`;
